// Jest Snapshot v1, https://goo.gl/fbAQLP

exports[`should render AddExpensePage correctly 1`] = `
ShallowWrapper {
  "complexSelector": ComplexSelector {
    "buildPredicate": [Function],
    "childrenOfNode": [Function],
    "findWhereUnwrapped": [Function],
  },
  "length": 1,
  "node": <div>
    <h1>
        Add Expense
    </h1>
    <ExpenseForm
        onSubmit={[Function]}
    />
</div>,
  "nodes": Array [
    <div>
      <h1>
            Add Expense
      </h1>
      <ExpenseForm
            onSubmit={[Function]}
      />
</div>,
  ],
  "options": Object {},
  "renderer": ReactShallowRenderer {
    "_instance": ShallowComponentWrapper {
      "_calledComponentWillUnmount": false,
      "_compositeType": 0,
      "_context": Object {},
      "_currentElement": <AddExpensePage
        addExpense={[Function]}
        history={
                Object {
                        "push": [Function],
                      }
        }
/>,
      "_debugID": 1,
      "_hostContainerInfo": null,
      "_hostParent": null,
      "_instance": AddExpensePage {
        "_reactInternalInstance": [Circular],
        "context": Object {},
        "onSubmit": [Function],
        "props": Object {
          "addExpense": [Function],
          "history": Object {
            "push": [Function],
          },
        },
        "refs": Object {},
        "state": null,
        "updater": Object {
          "enqueueCallback": [Function],
          "enqueueCallbackInternal": [Function],
          "enqueueElementInternal": [Function],
          "enqueueForceUpdate": [Function],
          "enqueueReplaceState": [Function],
          "enqueueSetState": [Function],
          "isMounted": [Function],
          "validateCallback": [Function],
        },
      },
      "_mountOrder": 1,
      "_pendingCallbacks": null,
      "_pendingElement": null,
      "_pendingForceUpdate": false,
      "_pendingReplaceState": false,
      "_pendingStateQueue": null,
      "_renderedComponent": NoopInternalComponent {
        "_currentElement": <div>
          <h1>
                    Add Expense
          </h1>
          <ExpenseForm
                    onSubmit={[Function]}
          />
</div>,
        "_debugID": 2,
        "_renderedOutput": <div>
          <h1>
                    Add Expense
          </h1>
          <ExpenseForm
                    onSubmit={[Function]}
          />
</div>,
      },
      "_renderedNodeType": 0,
      "_rootNodeID": 0,
      "_topLevelWrapper": null,
      "_updateBatchNumber": null,
      "_warnedAboutRefsInRender": false,
    },
    "getRenderOutput": [Function],
    "render": [Function],
  },
  "root": [Circular],
  "unrendered": <AddExpensePage
    addExpense={[Function]}
    history={
        Object {
            "push": [Function],
          }
    }
/>,
}
`;
