// Jest Snapshot v1, https://goo.gl/fbAQLP

exports[`should render EditExpensePage 1`] = `
ShallowWrapper {
  "complexSelector": ComplexSelector {
    "buildPredicate": [Function],
    "childrenOfNode": [Function],
    "findWhereUnwrapped": [Function],
  },
  "length": 1,
  "node": <div>
    <ExpenseForm
        expense={
            Object {
                "amount": 4500,
                "createdAt": 345600000,
                "description": "Credit Card",
                "id": "3",
                "note": "",
              }
        }
        onSubmit={[Function]}
    />
    <button
        onClick={[Function]}
    >
        Remove
    </button>
</div>,
  "nodes": Array [
    <div>
      <ExpenseForm
            expense={
                  Object {
                        "amount": 4500,
                        "createdAt": 345600000,
                        "description": "Credit Card",
                        "id": "3",
                        "note": "",
                      }
            }
            onSubmit={[Function]}
      />
      <button
            onClick={[Function]}
      >
            Remove
      </button>
</div>,
  ],
  "options": Object {},
  "renderer": ReactShallowRenderer {
    "_instance": ShallowComponentWrapper {
      "_calledComponentWillUnmount": false,
      "_compositeType": 0,
      "_context": Object {},
      "_currentElement": <EditExpensePage
        editExpense={[Function]}
        expense={
                Object {
                        "amount": 4500,
                        "createdAt": 345600000,
                        "description": "Credit Card",
                        "id": "3",
                        "note": "",
                      }
        }
        history={
                Object {
                        "push": [Function],
                      }
        }
        removeExpense={[Function]}
/>,
      "_debugID": 1,
      "_hostContainerInfo": null,
      "_hostParent": null,
      "_instance": EditExpensePage {
        "_reactInternalInstance": [Circular],
        "context": Object {},
        "onRemove": [Function],
        "onSubmit": [Function],
        "props": Object {
          "editExpense": [Function],
          "expense": Object {
            "amount": 4500,
            "createdAt": 345600000,
            "description": "Credit Card",
            "id": "3",
            "note": "",
          },
          "history": Object {
            "push": [Function],
          },
          "removeExpense": [Function],
        },
        "refs": Object {},
        "state": null,
        "updater": Object {
          "enqueueCallback": [Function],
          "enqueueCallbackInternal": [Function],
          "enqueueElementInternal": [Function],
          "enqueueForceUpdate": [Function],
          "enqueueReplaceState": [Function],
          "enqueueSetState": [Function],
          "isMounted": [Function],
          "validateCallback": [Function],
        },
      },
      "_mountOrder": 1,
      "_pendingCallbacks": null,
      "_pendingElement": null,
      "_pendingForceUpdate": false,
      "_pendingReplaceState": false,
      "_pendingStateQueue": null,
      "_renderedComponent": NoopInternalComponent {
        "_currentElement": <div>
          <ExpenseForm
                    expense={
                              Object {
                                        "amount": 4500,
                                        "createdAt": 345600000,
                                        "description": "Credit Card",
                                        "id": "3",
                                        "note": "",
                                      }
                    }
                    onSubmit={[Function]}
          />
          <button
                    onClick={[Function]}
          >
                    Remove
          </button>
</div>,
        "_debugID": 2,
        "_renderedOutput": <div>
          <ExpenseForm
                    expense={
                              Object {
                                        "amount": 4500,
                                        "createdAt": 345600000,
                                        "description": "Credit Card",
                                        "id": "3",
                                        "note": "",
                                      }
                    }
                    onSubmit={[Function]}
          />
          <button
                    onClick={[Function]}
          >
                    Remove
          </button>
</div>,
      },
      "_renderedNodeType": 0,
      "_rootNodeID": 0,
      "_topLevelWrapper": null,
      "_updateBatchNumber": null,
      "_warnedAboutRefsInRender": false,
    },
    "getRenderOutput": [Function],
    "render": [Function],
  },
  "root": [Circular],
  "unrendered": <EditExpensePage
    editExpense={[Function]}
    expense={
        Object {
            "amount": 4500,
            "createdAt": 345600000,
            "description": "Credit Card",
            "id": "3",
            "note": "",
          }
    }
    history={
        Object {
            "push": [Function],
          }
    }
    removeExpense={[Function]}
/>,
}
`;
