// Jest Snapshot v1, https://goo.gl/fbAQLP

exports[`should render Header correctly 1`] = `
ShallowWrapper {
  "complexSelector": ComplexSelector {
    "buildPredicate": [Function],
    "childrenOfNode": [Function],
    "findWhereUnwrapped": [Function],
  },
  "length": 1,
  "node": <header>
    <h1>
        Expensify
    </h1>
    <NavLink
        activeClassName="is-active"
        exact={true}
        to="/"
    >
        Dashboard
    </NavLink>
    <NavLink
        activeClassName="is-active"
        to="/create"
    >
         Create Expenes 
    </NavLink>
    <NavLink
        activeClassName="is-active"
        to="/help"
    >
         Help 
    </NavLink>
</header>,
  "nodes": Array [
    <header>
      <h1>
            Expensify
      </h1>
      <NavLink
            activeClassName="is-active"
            exact={true}
            to="/"
      >
            Dashboard
      </NavLink>
      <NavLink
            activeClassName="is-active"
            to="/create"
      >
             Create Expenes 
      </NavLink>
      <NavLink
            activeClassName="is-active"
            to="/help"
      >
             Help 
      </NavLink>
</header>,
  ],
  "options": Object {},
  "renderer": ReactShallowRenderer {
    "_instance": ShallowComponentWrapper {
      "_calledComponentWillUnmount": false,
      "_compositeType": 2,
      "_context": Object {},
      "_currentElement": <Header />,
      "_debugID": 1,
      "_hostContainerInfo": null,
      "_hostParent": null,
      "_instance": StatelessComponent {
        "_reactInternalInstance": [Circular],
        "context": Object {},
        "props": Object {},
        "refs": Object {},
        "state": null,
        "updater": Object {
          "enqueueCallback": [Function],
          "enqueueCallbackInternal": [Function],
          "enqueueElementInternal": [Function],
          "enqueueForceUpdate": [Function],
          "enqueueReplaceState": [Function],
          "enqueueSetState": [Function],
          "isMounted": [Function],
          "validateCallback": [Function],
        },
      },
      "_mountOrder": 1,
      "_pendingCallbacks": null,
      "_pendingElement": null,
      "_pendingForceUpdate": false,
      "_pendingReplaceState": false,
      "_pendingStateQueue": null,
      "_renderedComponent": NoopInternalComponent {
        "_currentElement": <header>
          <h1>
                    Expensify
          </h1>
          <NavLink
                    activeClassName="is-active"
                    exact={true}
                    to="/"
          >
                    Dashboard
          </NavLink>
          <NavLink
                    activeClassName="is-active"
                    to="/create"
          >
                     Create Expenes 
          </NavLink>
          <NavLink
                    activeClassName="is-active"
                    to="/help"
          >
                     Help 
          </NavLink>
</header>,
        "_debugID": 2,
        "_renderedOutput": <header>
          <h1>
                    Expensify
          </h1>
          <NavLink
                    activeClassName="is-active"
                    exact={true}
                    to="/"
          >
                    Dashboard
          </NavLink>
          <NavLink
                    activeClassName="is-active"
                    to="/create"
          >
                     Create Expenes 
          </NavLink>
          <NavLink
                    activeClassName="is-active"
                    to="/help"
          >
                     Help 
          </NavLink>
</header>,
      },
      "_renderedNodeType": 0,
      "_rootNodeID": 0,
      "_topLevelWrapper": null,
      "_updateBatchNumber": null,
      "_warnedAboutRefsInRender": false,
    },
    "getRenderOutput": [Function],
    "render": [Function],
  },
  "root": [Circular],
  "unrendered": <Header />,
}
`;
